Preset CMake variables:

  BUILD_TESTING="ON"
  CMAKE_BUILD_TYPE="Debug"
  CMAKE_EXPORT_COMPILE_COMMANDS="ON"
  ENGINE_ENABLE_SANITIZERS="ON"

-- The C compiler identification is GNU 13.3.0
-- The CXX compiler identification is GNU 13.3.0
-- Detecting C compiler ABI info
-- Detecting C compiler ABI info - done
-- Check for working C compiler: /usr/bin/cc - skipped
-- Detecting C compile features
-- Detecting C compile features - done
-- Detecting CXX compiler ABI info
-- Detecting CXX compiler ABI info - done
-- Check for working CXX compiler: /usr/bin/c++ - skipped
-- Detecting CXX compile features
-- Detecting CXX compile features - done
-- Found OpenGL: /usr/lib/x86_64-linux-gnu/libOpenGL.so
-- Found Python3: /usr/bin/python3 (found version "3.12.3") found components: Interpreter
-- Configuring done (0.4s)
-- Generating done (0.0s)
-- Build files have been written to: /tmp/engine-phase1-ci-hardening.YNzZ97/source/build/sanitizers
